<testsuites id="" name="" tests="0" failures="0" skipped="0" errors="0" time="36.06294199999999">
</testsuites>